213.85.255.195 - - [24/Mar/2015:00:17:30 -0700] "GET /x?C=e1gbPALNJKk8Dg3bacpSlCWUYcST0vIKCdUrPCwiiqXjeE0eTs9p/LdmvpYKxoIus96Wmdm8oFN48eVtrXRNfN+ta+YyDKZ7FDpbfi9tQQ5k/H+9CeB7yWEZ9ecyDZud50H2xP1lwwzsKp8yPWSDz5oXDyUTO7fe/TKkqhD93Uy1yk5PAgM5upnhvItr7vsqpYX+t/nx84OTpinTBgZOtsMM19+J3KJF6MLqLA7OkL1kw6V+JvYZmQadzub3dzP9Ml5hC4T58h+0thyNtog9i4tUgNdUZ60HYe16HNL4MMX4kRp+XU00JwmRTHOZgBrhXlMqABlBLjdZ2nXMs73S3341xgJ73vq6luYdkRsSY3Lc/Lmu6MJszm3qRfecBhLVXKF621otrFkd7XUg/sAW02/v0SJNz0h+tJaWLl3uJy9yjy2FWNhLahjPcg8Zg2oujzGzg6yDFtvgQJgAR/R36wCGDJf6JWkDavl/u59wn5/1HkrHP1H2uLCzbIiv3KVZ7arDD6rdfCtjh31YcNynus1CF+QXHD6uE2QG5By6PlAjjfrFz6TOm8cxb99SvfRPPuQQbMyR0K3Z4jKS6vo5MEXNPKj1Z83QrUxT+gRphJ4QPwPHck7UdQjjYd8IQIHXVx3rpDin101vybzrkgKwVLe25cIxaSdDPSEdf5KjBWGPYzoguyvnkOdCMGezcZtKpoBOEpXwCqHWafRnb8mRJZjTSSjqpUc3N/Eka6lQhU8q5DTmv0JVUWYOepU9/7J9Jr87hoXv6AO1Z+iwUNWYvJgoVP6b9eKUneyZQkcqpwe HTTP/1.1" 404 73 "-" "Mozilla/4.0 (compatible; MSIE 8.0; Win32)"
213.85.255.195 - - [24/Mar/2015:00:17:32 -0700] "GET /M?S=E8uHisxar7O9EU+Xj/bjFfG/F0DiJ/jJd3AqJDCDBJTMoRzENkuLNqgHIFa+0Ev+ICB88NJD+GaunKvj2dU4bleSWJnaDUMPTm1IszFqUcStGejs2/731x27mbIbof5MJfu1CINBxu79+tRDAjYvy4X/sh5t11gbDyZ4tUBzvgWXe5uX9/yDCod/4rX2ScADf0pv9QpAbE+IUY+wdmbsEWWjmd5KA6JaVD6p0i15k60LxgY+I+d3OLS25N45UFA6vrwRWc7K7Wv1l7UPOn7GaCeW1Bu7m5w+AXQHbivqN23dFZELQKXHyxypWt9e+E3STO6sqtKIJD2Jgg30zOINlacymc3xlHVnHk0Fl1OROnSkhrXLVxC3jDGS8quWfFg2IaWu7ttb4igc2n507Gqkrv1SCKgdnFg0O4Lxew6gTWEP//AA5oWO+SMVQK8nVG3v9mcwFH1csgJs3h/ee7V1KGy2yBakI5fYAQYoazpUzipBsCYzpIYRjJKHUUio4rqWM/B3Rxt8XfY5+m2mUlqc8mm51Ufu+VJydD7okEXIr55CgWrXPw0V7En05BTyYfc/KSey6I41+b8XSfAU76c39xYxHtVU5L36Lih/CtpWSkhOEPs7jh0amgXGyan1/4LdqiY/bPnWQHClwjhxpB2xd3PnCNvQgkSA1qLVdRKQsCbDFGKl4sVhFizUvBW3B3tE8lBflSTn3fXhvrW63EkFvBc6rn42T5fLHGeMOSnZeM6lM1msx+MOeSC/QP/rHNl3dAKtfnEPprGmvO9Fe72u8ZNfQJj/4Z/e0roAv3dULGggwRn9cZ2lZnTBt HTTP/1.1" 404 73 "-" "Mozilla/4.0 (compatible; MSIE 8.0; Win32)"
213.85.255.195 - - [24/Mar/2015:00:17:34 -0700] "GET /b?o=7vnWl20PrUd+QNVGmjUfWga9pFWKff8BFkCKQo5Cr1IMX+von964Y86V+kq+gVpYalIS7GHVLa4/5C9N7vBZESseEg7nr9aRSZnNHe89cWuiQOWDwwV3bYqBnIC7dxnS04NapCtgowNVUSDiA8Kkaf1DpyNCB9WAZnDFwTwBOeVIaSuh0toG0wNiyABoPIlRLCtIFhBra+iyVYqT2CYYjphKVwCVpk47TXKdcAYRFQCgc71Vdcnqrp3mKh/M2ecL+0UogxM+hwS7mxYdojXKwxTx/mgBMfIfdexKNGErsEoNDvubxJjs2hsfZOqivMDJsWGneKxcfY4GoaC/opJ/YOoKsKAT1uSiBmkVKi2n9y/sp6aGQ9Sr9owYEK4cVXCNHLiQC5gGQ1jNIRphIBRkLgG2osVGjBO380FnOnX25YMzUD3Uf0WjVWmpd/03rc4SM8BWhAmkKJwDeIQe6UuxM51Jmws46w4J6IxCaHSQvT5O5NgNPxd91wpTuNSb5rO1MM5E9VbWSDp5GCjFV1eL4Yu1hZr/r92vUoyUKN5U3tyCzsK+zysYqiaRBMivph6XQCiaZgVW7jaGQiqF9P84bpICSl+B1mLmQuXkKhC6nJ7hDcb9j+9js8WRqNPmw+8RGeNsKTU2fLM5dBZX3pV9bdfyR/BE6h176p5jW1VoAMl1zEVAygAgIB6QGtd0D4qqqVikM8ZOIVQtqQsQDdBlja16QBFrvUTTc2Aj2P6jbABHTaT2EIUjte36ElAJ6htwBq+jJhT4fo6o4RJtsR7q4ZLy+cn9RqPaYy3TNfAvDBK8YLl99WeCmz7KeVKjD4zYEbO8Zp4YdmnyUTUerO HTTP/1.1" 404 73 "-" "Mozilla/4.0 (compatible; MSIE 8.0; Win32)"
213.85.255.195 - - [24/Mar/2015:00:17:35 -0700] "GET /R?f=5hP8oyOR8/Opz/N/LEUR6Guk2RbM5El8jVDT2i/mChl1VVXFyAhzjKMKty9saPIlOIXcIkOCQE12j53726h4pLNgyiNJnk4a0apIRM1yGfWHwjkPoWB6f0tedp2AR5e7w/LQkVOU3F63r9yWUMso3rseRJ6/Rly2naq3BUAi3wPsQDqAvoxJgtTMTpg4gcyhO8kRvS647Qnk4PIvZM1JHpWZA4qj+0ORlOhAECqR9DXdrl62e70sculKKsX/9HDhxtGMj2WDojfo9KDqCF5+XHLF5Ow4CYEtbq/0GkD50z1FlZUxnVYF6A+SoDvzfkz/AmCwHE70e3jZVLG2mG+p1973E94Le+rFdk2pqAwJHKPeOqsI99eKDSYLYhZbS/rT32ZTf2JR1Gcd0zNPLCn7F0mlAJWSpRF54HYxL0gNDN0RHm7m2BtOa9tOohtnSkhqlYou1g1I/RRNAUUwLJkBTC9io4zMKlCxFxHPMjor1BmgWFqNJ8ht9q2kbr8gM3X/EBlU1R2cRJXgRN1Uh3XLlsCYC/fVHTZERyvodbmxEpMF7gFBYucAmOxZoZ/1xFIxX+GXAm+xAlhG3yWmn0ZrTnCaauAuZNYCXx7OJKI9fkWeVn/dxSDz11ORywXLK0chp+sW+bTn6xSgxlm/5PnBp0hqwbQ7KfX8pbYlqy5Q7YGEmrPeKvxkCr4kPzaQ0NGVZLWyAHf1uSNzTLCAXj+EdzyMhB/OB6QgZjZbzR3Q3dWe4YGDYQgaRcro7+GXvKHxGC5SkEa4EZE4CpB36wfjg0jMlXKaQFhSMY5Ls1kFMiGf6tRRFjvaFbqm5vGrl/bhVmtWNMQHrE HTTP/1.1" 404 73 "-" "Mozilla/4.0 (compatible; MSIE 8.0; Win32)"
213.85.255.195 - - [24/Mar/2015:00:17:37 -0700] "GET /r?G=uy+ctb3hcLxv6WOFIKEbWu7dAbIOduHuP6mQfed/oChmrjN5CyTVdSwRcnCIyBFpNzerN5IMLIWR9c+8EwwPS3C2NKaHbX3300SCabhiFEMgijjxwSCLWvuMORKbX7NksAM78Ok92igCdiEdGmD6o8lCP7FKWEJwVd6y3Mchz6BExqz4QjH4OLAog1bJrOjGKCmbyM/8wMnGaMBQ/lo9PKcV7djqOhWSy8YJeY3lYJ3MQt6nuI3aGZn+LvmO/vLTSxxsgoFW+dqSK4eRJkn+zvAJcKTaEbqXgB/y1vQyB9aCtJwPSW559FAHl6V7rTu5yXlz04EmEwM4xUMecJRX2xeE++WF1m//Cz0G9PfRLLIM6nHFk4xn5OQ5aakqE+mc8gq9eQrtxewF1B4bfNY9Wey+p0cJgUdE9f7dVUq5iWLtZ76hmDkXoM6iT4HMiAOezbwgyzTCOt1aGcEhZnJtf+UMCPvgp8lOIvmm39sGVgHNTRhAE9Qg/lRsECjdRqWLL81V3LoJv+pnNKN5XVBgI7uqLAhf0ze+lbh8KH3XFqenVLUdmcXvnpobICLP5x56Xue3DEBJI1Xyt8BBB1+0ZUE1WIovsHOJENDzuG+HTLwPYXu+M9iEdjCAbs2++oihiOVRgaD51ruPY/o+XKaOJ8NJCbsQX7e+HJFuzx+MLuaNcYTya+oaSJbxagsBGG18dAFbvkWCj7N+JKH/nqZMqw1xzgE0Ykf6ii7/cU4MusA5EvfNxVD5DGzixmwgcnRatZTJwb0ccivqi2DoYi0EEzLrF4qKiI5dhHh90kWkihRVLxXIrB7Oa0t+De+ HTTP/1.1" 404 73 "-" "Mozilla/4.0 (compatible; MSIE 8.0; Win32)"
213.85.255.195 - - [24/Mar/2015:00:17:39 -0700] "GET /T?j=jKuqEGUDC8ShFf7CIz8LHhzMH2ccneLxX83ZvV0cg2CZlMVo2qH4fc3F2anfnM+Pi61S+WFTI6sXiZE/2eXscvaj2Va7UsFKh8nkAg6aNJmYmiE8In4wejcVIyYO+4QFknsSO/i7ZAcUvrNZgb+xjSCPXvPBLQxQJ/TsaDczyZME09Xq9RWKr3MqkvwUng69980YaQs67gy/GwPbvJwlMhy0l6+yEfjvUwC+kwmK4tWqHHJe9s96QXpGtTbJwHcFd6WQjIbsK81iWZkDsFgs8nPZN/gxwaWGH907Nw4v2xKe+WVa8u7VVcDeNCNamFLyuVFvP4vtpQEBN12jEhq3Ou/qA/7VnyGUsbMtcCE3C2/dG5ZWPPgUUeFI/9zqi/oR198VrjF8DqTlYRV7jbp7NqmgwTY9+yIic7lhS70PzVn49M35jFcFVyVJhiXVn+lYhz418yUUKAQqt7ZlFit9MYdXfVRmg5nNmVqWfFl0eYTcCgeMtW7JEmf7s1YwTY4Hm7tL2lMrq2WPg6o8SiO44OWApfj2UIk8nENHDPGu5MA0Z7ugIfmV3dKns51AqEnCSnQk/6LTZoSffR9DDQd8K4WjxZcmhhQvY+vWs0fCDxt/pMFyFyAP3ani9/0RC3hrd4YGhGqEMGgkd5qfHgMzHNvRCSnr6d7X+/EDUCr2BofaoEBNGYJJuBIHznCmj2/HlXb8yoTZIRH6rSzg8Ra/ifzqj40nwBjI0pFSV1Nsy41F484mOnIilvmhFfG6X7oglSTJbq4qQHb3JXasgvVFcQbOhju9I0K5obWu7QAMee4SCOnIUhb4szj+74b2PG HTTP/1.1" 404 73 "-" "Mozilla/4.0 (compatible; MSIE 8.0; Win32)"
213.85.255.195 - - [24/Mar/2015:00:17:41 -0700] "GET /g?x=5+1CPLS2BDhJQ1m1flsd89ogv1v86fBNg+oCjIBwJu1Cfx3okOHehwOcti8quPR49GG8pzar0mIcju9YUVsQ5XRViA+4faaffEZOecERxNab3zPkMlaUL3ToJFy6oWMAFvMxAEZsgLI7PPCbDX3QHHLRVaYlGuixJuKhh8B883bH4y4c/NTLvVtLfOWTbXBzVLv0oIRoYOmBjl08y+yHtqXfCzO6y2MKPMhSDpVZLOJeKcrOa14Ey26hLThHXHGwOCRFF9aMuG2QIZ8dBfmcsPPkV0ELm/axrlEu/eyQSgBLeE3Ndv0k+PFRc4EgnLbLpl074xr7vZnthDS1n/C8AGtEp1GXPxuMvaAQNqU/FkcILZZtTQJMVY9gQn08ORMrcLiixLDAN4Swh4dmX0p2nAMEkAqI4oO0vkdI6C9DAWaJjDpAYapXvdM7PEuu04s+NWgPrQCVGERHo4XxFwwf6tWvnW9I4QoiwBP47u7kvlWxDHH4WKdAjNT7wS4dcr9oubEhhhFk4uRHtGWn21l7biJtdxtzkSn+XP8BJRq19VJ1Paj6SL1T HTTP/1.1" 404 73 "-" "Mozilla/4.0 (compatible; MSIE 8.0; Win32)"
31.184.238.152 - - [24/Mar/2015:00:19:45 -0700] "GET /logs/access.log HTTP/1.1" 200 164175 "http://buy-cytoxan.snack.ws" "Mozilla/5.0 (Windows NT 6.1; WOW64) AppleWebKit/537.36 (KHTML, like Gecko) Chrome/33.0.1750.117 Safari/537.36 OPR/20.0.1387.64"
162.244.11.73 - - [24/Mar/2015:00:20:32 -0700] "GET /logs/access.log HTTP/1.1" 200 34504 "http://redlug.com/" "Mozilla/5.0 (Macintosh; Intel Mac OS X 10_10_0) AppleWebKit/537.36 (KHTML, like Gecko) Chrome/39.0.2171.95 Safari/537.36"
31.184.238.152 - - [24/Mar/2015:00:20:33 -0700] "GET /logs/access.log HTTP/1.1" 200 164684 "http://ordermobiconlinequickshipping.soup.io" "Mozilla/5.0 (Windows NT 6.1; WOW64) AppleWebKit/537.36 (KHTML, like Gecko) Chrome/33.0.1750.146 Safari/537.36"
188.165.15.10 - - [24/Mar/2015:00:25:55 -0700] "GET /paper2003/0306JHCol.htm HTTP/1.1" 404 88 "-" "Mozilla/5.0 (compatible; AhrefsBot/5.0; +http://ahrefs.com/robot/)"
100.43.91.12 - - [24/Mar/2015:00:26:26 -0700] "GET /Socialist/05MayElection.htm HTTP/1.1" 200 3612 "-" "Mozilla/5.0 (compatible; YandexBot/3.0; +http://yandex.com/bots)"
31.184.238.152 - - [24/Mar/2015:00:30:44 -0700] "GET /logs/access.log HTTP/1.1" 200 165314 "http://www.theknot.com/wedding/aciclovir-online" "Mozilla/5.0 (Windows NT 5.1) AppleWebKit/537.36 (KHTML, like Gecko) Chrome/32.0.1700.102 Safari/537.36"
180.76.6.158 - - [24/Mar/2015:00:31:01 -0700] "GET /Struggle-Archive.htm HTTP/1.1" 200 2287 "-" "Mozilla/5.0 (compatible; Baiduspider/2.0; +http://www.baidu.com/search/spider.html)"
31.184.238.152 - - [24/Mar/2015:00:31:31 -0700] "GET /logs/access.log HTTP/1.1" 200 165772 "http://buy-venlafaxine-75mg.over-blog.com" "Mozilla/5.0 (Windows NT 5.1) AppleWebKit/537.36 (KHTML, like Gecko) Chrome/32.0.1700.107 Safari/537.36"
103.14.252.249 - - [24/Mar/2015:00:34:26 -0700] "GET /logs/access.log HTTP/1.1" 200 34931 "https://www.google.com/" "Mozilla/5.0 (Windows NT 6.1; WOW64) AppleWebKit/537.36 (KHTML, like Gecko) Chrome/40.0.2214.115 Safari/537.36"
103.246.38.196 - - [24/Mar/2015:00:34:26 -0700] "GET /logs/access.log HTTP/1.1" 200 166025 "-" "Mozilla/4.0 (compatible; MSIE 7.0; Windows NT 5.1; InfoPath.1; .NET CLR 2.0.50727; .NET CLR 1.1.4322; MS-RTC LM 8; .NET CLR 3.0.4506.2152; .NET CLR 3.5.30729)"
141.101.31.80 - - [24/Mar/2015:00:38:59 -0700] "GET /logs/access_130930.log HTTP/1.1" 404 73 "http://blonde.aircus.com/" "Mozilla/5.0 (Windows NT 5.1) AppleWebKit/535.19 (KHTML, like Gecko) Chrome/18.0.1025.1634 Safari/535.19 YE"
141.101.31.80 - - [24/Mar/2015:00:38:59 -0700] "GET /logs/access_130930.log HTTP/1.1" 404 73 "http://blonde.aircus.com/" "Opera/9.80 (Windows NT 6.1; WOW64; U; ru) Presto/2.10.289 Version/12.01"
141.101.31.80 - - [24/Mar/2015:00:39:00 -0700] "GET /access_130930.log HTTP/1.1" 404 73 "http://blonde.aircus.com/" "Opera/9.80 (Windows NT 6.1; WOW64; U; ru) Presto/2.10.289 Version/12.01"
141.101.31.80 - - [24/Mar/2015:00:39:00 -0700] "GET /logs/access_130930.log HTTP/1.1" 404 89 "http://blonde.aircus.com/" "Mozilla/5.0 (Windows NT 5.1) AppleWebKit/536.5 (KHTML, like Gecko) Chrome/19.0.1084.46 Safari/536.5 Nichrome/self/19"
141.101.31.80 - - [24/Mar/2015:00:39:00 -0700] "GET /access_130930.log HTTP/1.1" 404 73 "http://blonde.aircus.com/" "Mozilla/5.0 (Windows NT 5.1) AppleWebKit/536.5 (KHTML, like Gecko) Chrome/19.0.1084.46 Safari/536.5 Nichrome/self/19"
141.101.31.80 - - [24/Mar/2015:00:39:01 -0700] "GET /logs/access_130930.log HTTP/1.1" 404 89 "http://blonde.aircus.com/" "Mozilla/5.0 (Windows NT 6.0) AppleWebKit/537.11 (KHTML, like Gecko) Chrome/23.0.1271.91 Safari/537.11"
141.101.31.80 - - [24/Mar/2015:00:39:01 -0700] "GET /access_130930.log HTTP/1.1" 404 73 "http://blonde.aircus.com/" "Mozilla/5.0 (Windows NT 6.0) AppleWebKit/537.11 (KHTML, like Gecko) Chrome/23.0.1271.91 Safari/537.11"
37.228.107.40 - - [24/Mar/2015:00:39:09 -0700] "GET /pdf/che_sos.pdf HTTP/1.1" 200 207560 "http://www.google.co.in/m?q=free+cheguvera+book+pdf&client=ms-opera-mini&channel=new" "Opera/9.80 (Android; Opera Mini/7.6.35843/36.1370; U; en) Presto/2.12.423 Version/12.16"
31.184.238.152 - - [24/Mar/2015:00:41:50 -0700] "GET /logs/access.log HTTP/1.1" 200 168441 "http://buyfamotidine20mgquickshipping.snack.ws" "Mozilla/5.0 (Windows NT 5.1; rv:27.0) Gecko/20100101 Firefox/27.0"
31.184.238.152 - - [24/Mar/2015:00:42:31 -0700] "GET /logs/access.log HTTP/1.1" 200 168662 "http://doxycycline-100-mg-buy.page.tl" "Mozilla/5.0 (Windows NT 6.1; WOW64) AppleWebKit/537.36 (KHTML, like Gecko) Chrome/32.0.1700.76 Safari/537.36"
27.153.233.108 - - [24/Mar/2015:00:43:30 -0700] "GET /logs/access.log HTTP/1.1" 200 35906 "http://redlug.com/" "Mozilla/5.0 (Windows NT 6.0) AppleWebKit/537.36 (KHTML, like Gecko) Chrome/27.0.1453.116 Safari/537.36"
27.153.233.108 - - [24/Mar/2015:00:43:31 -0700] "GET /socview/SV0302TroublesReview.htm HTTP/1.1" 200 2434 "http://redlug.com/" "Mozilla/5.0 (Windows NT 6.0) AppleWebKit/537.36 (KHTML, like Gecko) Chrome/27.0.1453.116 Safari/537.36"
46.147.146.177 - - [24/Mar/2015:00:44:36 -0700] "GET / HTTP/1.1" 200 9589 "http://msk4356.apishops.ru/" "Opera/9.00 (Windows NT 5.1; U; en)"
46.147.146.177 - - [24/Mar/2015:00:44:37 -0700] "GET / HTTP/1.1" 200 9589 "http://msk4356.apishops.ru/" "Mozilla/4.0 (compatible; MSIE 6.0; Windows NT 5.1; SV1; FunWebProducts)"
46.147.146.177 - - [24/Mar/2015:00:44:38 -0700] "GET / HTTP/1.1" 200 9589 "http://msk4356.apishops.ru/" "Mozilla/4.0 (compatible; MSIE 5.5; Windows NT 4.0; .NET CLR 1.0.2914)"
46.147.146.177 - - [24/Mar/2015:00:44:39 -0700] "GET / HTTP/1.1" 200 9589 "http://msk4356.apishops.ru/" "Mozilla/4.0 (compatible; MSIE 6.0; MSIE 5.5; Windows NT 5.0) Opera 7.02 Bork-edition [en]"
103.14.252.249 - - [24/Mar/2015:00:46:10 -0700] "GET /logs/access.log HTTP/1.1" 200 35642 "https://www.google.com/" "Mozilla/5.0 (Windows NT 6.1; WOW64) AppleWebKit/537.36 (KHTML, like Gecko) Chrome/40.0.2214.115 Safari/537.36"
202.46.55.206 - - [24/Mar/2015:00:47:50 -0700] "GET /socview/04SpringContents.htm HTTP/1.1" 404 89 "-" "Mozilla/5.0 (Windows NT 6.1; WOW64) AppleWebKit/537.36 (KHTML, like Gecko) Chrome/36.0.1985.125 Safari/537.36"
31.184.238.152 - - [24/Mar/2015:00:52:23 -0700] "GET /logs/access.log HTTP/1.1" 200 170607 "http://ilosone-order-online.soup.io" "Mozilla/5.0 (Windows NT 5.1) AppleWebKit/537.36 (KHTML, like Gecko) Chrome/32.0.1700.102 Safari/537.36"
31.184.238.152 - - [24/Mar/2015:00:53:08 -0700] "GET /logs/access.log HTTP/1.1" 200 170854 "http://tizanidine-buy-no-prescription.snack.ws" "Mozilla/5.0 (Windows NT 5.1) AppleWebKit/537.36 (KHTML, like Gecko) Chrome/33.0.1750.117 Safari/537.36"
31.184.238.152 - - [24/Mar/2015:01:03:11 -0700] "GET /logs/access.log HTTP/1.1" 200 171112 "http://gravatar.com/frapatmerdigati" "Mozilla/5.0 (Macintosh; Intel Mac OS X 10_9_1) AppleWebKit/537.73.11 (KHTML, like Gecko) Version/7.0.1 Safari/537.73.11"
31.184.238.152 - - [24/Mar/2015:01:03:56 -0700] "GET /logs/access.log HTTP/1.1" 200 171376 "http://ordersildalis100mgonlinewithoutprescription.soup.io" "Mozilla/5.0 (Windows NT 5.1) AppleWebKit/537.36 (KHTML, like Gecko) Chrome/32.0.1700.76 Safari/537.36"
141.101.31.80 - - [24/Mar/2015:01:07:08 -0700] "GET /logs/access_130930.log HTTP/1.1" 404 89 "http://blondebitch.soup.io/" "Mozilla/5.0 (Windows NT 6.2; WOW64; rv:16.0) Gecko/20100101 Firefox/16.0"
141.101.31.80 - - [24/Mar/2015:01:07:09 -0700] "GET /logs/access_130930.log HTTP/1.1" 404 73 "http://blondebitch.soup.io/" "Mozilla/5.0 (Windows NT 6.1) AppleWebKit/535.19 (KHTML, like Gecko) Chrome/18.0.1025.1634 Safari/535.19 YE"
141.101.31.80 - - [24/Mar/2015:01:07:09 -0700] "GET /access_130930.log HTTP/1.1" 404 73 "http://blondebitch.soup.io/" "Mozilla/5.0 (Windows NT 6.1) AppleWebKit/535.19 (KHTML, like Gecko) Chrome/18.0.1025.1634 Safari/535.19 YE"
141.101.31.80 - - [24/Mar/2015:01:07:09 -0700] "GET /logs/access_130930.log HTTP/1.1" 404 73 "http://blondebitch.soup.io/" "Mozilla/5.0 (Windows NT 6.0; WOW64) AppleWebKit/537.11 (KHTML, like Gecko) Chrome/23.0.1271.64 Safari/537.11"
141.101.31.80 - - [24/Mar/2015:01:07:10 -0700] "GET /access_130930.log HTTP/1.1" 404 73 "http://blondebitch.soup.io/" "Mozilla/5.0 (Windows NT 6.0; WOW64) AppleWebKit/537.11 (KHTML, like Gecko) Chrome/23.0.1271.64 Safari/537.11"
141.101.31.80 - - [24/Mar/2015:01:07:10 -0700] "GET /logs/access_130930.log HTTP/1.1" 404 89 "http://blondebitch.soup.io/" "Opera/9.80 (Windows NT 6.1; U; ru) Presto/2.10.229 Version/11.61"
141.101.31.80 - - [24/Mar/2015:01:07:11 -0700] "GET /access_130930.log HTTP/1.1" 404 73 "http://blondebitch.soup.io/" "Opera/9.80 (Windows NT 6.1; U; ru) Presto/2.10.229 Version/11.61"
66.249.79.35 - - [24/Mar/2015:01:11:55 -0700] "GET /images/150203/YaWBelfast1.jpg HTTP/1.1" 200 19541 "-" "Googlebot-Image/1.0"
78.58.143.166 - - [24/Mar/2015:01:11:59 -0700] "GET /logs/access.log/RK=0/RS=3pBGsDoyNk_9CI1_kCqOS2vIjHE- HTTP/1.1" 404 88 "http://redlug.com/" "Mozilla/5.0 (Macintosh; Intel Mac OS X 10_10_1) AppleWebKit/537.36 (KHTML, like Gecko) Chrome/39.0.2171.95 Safari/537.36"
78.58.143.166 - - [24/Mar/2015:01:11:59 -0700] "GET / HTTP/1.1" 200 1273 "http://redlug.com" "Mozilla/5.0 (Macintosh; Intel Mac OS X 10_10_1) AppleWebKit/537.36 (KHTML, like Gecko) Chrome/39.0.2171.95 Safari/537.36"
31.184.238.152 - - [24/Mar/2015:01:13:52 -0700] "GET /logs/access.log HTTP/1.1" 200 173881 "http://diclofenac-buy-online.snack.ws" "Mozilla/5.0 (Windows NT 6.1; rv:27.0) Gecko/20100101 Firefox/27.0"
31.184.238.152 - - [24/Mar/2015:01:14:36 -0700] "GET /logs/access.log HTTP/1.1" 200 174093 "http://aripiprazole-20mg-buy-cheap.soup.io" "Mozilla/5.0 (Windows NT 6.1) AppleWebKit/537.36 (KHTML, like Gecko) Chrome/30.0.1599.12785 YaBrowser/13.12.1599.12785 Safari/537.36"
31.184.238.152 - - [24/Mar/2015:01:24:38 -0700] "GET /logs/access.log HTTP/1.1" 200 174376 "http://buydesogenonline.soup.io" "Mozilla/5.0 (Windows NT 6.1) AppleWebKit/537.36 (KHTML, like Gecko) Chrome/33.0.1750.146 Safari/537.36"
31.184.238.152 - - [24/Mar/2015:01:25:21 -0700] "GET /logs/access.log HTTP/1.1" 200 174619 "http://order-azithromycin-250mg.soup.io" "Mozilla/5.0 (Windows NT 6.3; WOW64; rv:27.0) Gecko/20100101 Firefox/27.0"
89.140.152.184 - - [24/Mar/2015:01:29:17 -0700] "GET / HTTP/1.1" 200 1273 "-" "Mozilla/5.0 (X11; Linux x86_64) AppleWebKit/535.1 (KHTML, like Gecko) Chrome/13.0.782.220 Safari/535.1"
31.184.238.152 - - [24/Mar/2015:01:35:11 -0700] "GET /logs/access.log HTTP/1.1" 200 175036 "http://buy-famvir-500mg-cheap.soup.io" "Mozilla/5.0 (Windows NT 6.1; WOW64) AppleWebKit/537.36 (KHTML, like Gecko) Chrome/32.0.1700.102 Safari/537.36"
141.101.31.80 - - [24/Mar/2015:01:35:28 -0700] "GET /logs/access_130930.log HTTP/1.1" 404 89 "http://pristiq.forumcircle.com/" "Mozilla/5.0 (Windows NT 6.1; rv:15.0) Gecko/20100101 Firefox/15.0.1"
141.101.31.80 - - [24/Mar/2015:01:35:29 -0700] "GET /logs/access_130930.log HTTP/1.1" 404 73 "http://pristiq.forumcircle.com/" "Opera/9.80 (Windows NT 6.1; WOW64; Edition Yx) Presto/2.12.388 Version/12.11"
141.101.31.80 - - [24/Mar/2015:01:35:29 -0700] "GET /access_130930.log HTTP/1.1" 404 89 "http://pristiq.forumcircle.com/" "Opera/9.80 (Windows NT 6.1; WOW64; Edition Yx) Presto/2.12.388 Version/12.11"
141.101.31.80 - - [24/Mar/2015:01:35:30 -0700] "GET /logs/access_130930.log HTTP/1.1" 404 73 "http://pristiq.forumcircle.com/" "Opera/9.80 (Windows NT 6.2; WOW64; MRA 8.0 (build 5784)) Presto/2.12.388 Version/12.11"
141.101.31.80 - - [24/Mar/2015:01:35:30 -0700] "GET /access_130930.log HTTP/1.1" 404 73 "http://pristiq.forumcircle.com/" "Opera/9.80 (Windows NT 6.2; WOW64; MRA 8.0 (build 5784)) Presto/2.12.388 Version/12.11"
141.101.31.80 - - [24/Mar/2015:01:35:30 -0700] "GET /logs/access_130930.log HTTP/1.1" 404 73 "http://pristiq.forumcircle.com/" "Mozilla/5.0 (Windows NT 6.2; WOW64; rv:16.0) Gecko/20100101 Firefox/16.0"
141.101.31.80 - - [24/Mar/2015:01:35:31 -0700] "GET /access_130930.log HTTP/1.1" 404 73 "http://pristiq.forumcircle.com/" "Mozilla/5.0 (Windows NT 6.2; WOW64; rv:16.0) Gecko/20100101 Firefox/16.0"
31.184.238.152 - - [24/Mar/2015:01:44:53 -0700] "GET /logs/access.log HTTP/1.1" 200 176813 "http://cabergoline-05mg-buy-without-rx.soup.io" "Opera/9.80 (Windows NT 6.1; Win64; x64) Presto/2.12.388 Version/12.16"
31.184.238.152 - - [24/Mar/2015:01:45:30 -0700] "GET /logs/access.log HTTP/1.1" 200 177038 "http://order-motilium.soup.io" "Mozilla/5.0 (Windows NT 6.1; WOW64) AppleWebKit/537.36 (KHTML, like Gecko) Chrome/32.0.1700.107 Safari/537.36 OPR/19.0.1326.63"
180.76.6.51 - - [24/Mar/2015:01:45:41 -0700] "GET /paperarticles/?C=N;O=A HTTP/1.1" 200 1735 "-" "Mozilla/5.0 (compatible; Baiduspider/2.0; +http://www.baidu.com/search/spider.html)"
100.43.81.131 - - [24/Mar/2015:01:46:01 -0700] "GET /logs/access_140823.log HTTP/1.1" 200 1535429 "-" "Mozilla/5.0 (compatible; YandexBot/3.0; +http://yandex.com/bots)"
148.251.75.46 - - [24/Mar/2015:01:49:47 -0700] "GET /LabHist/ContentsList.htm HTTP/1.1" 200 30482 "-" "Mozilla/5.0 (Macintosh; Intel Mac OS X 10_8_3) AppleWebKit/537.36 (KHTML, like Gecko) Chrome/27.0.1453.93 Safari/537.36"
66.249.79.27 - - [24/Mar/2015:01:53:27 -0700] "GET /YaW/DayXPoster2_files/image001.gif HTTP/1.1" 404 88 "-" "Googlebot-Image/1.0"
31.184.238.152 - - [24/Mar/2015:01:54:31 -0700] "GET /logs/access.log HTTP/1.1" 200 178065 "http://repaglinide1mgbg.forumcircle.com" "Mozilla/5.0 (Windows NT 5.1) AppleWebKit/537.36 (KHTML, like Gecko) Chrome/32.0.1700.102 Safari/537.36"
31.184.238.152 - - [24/Mar/2015:02:02:40 -0700] "GET /logs/access.log HTTP/1.1" 200 178316 "http://cabergoline-025mg-order-no-prescription.soup.io" "Mozilla/5.0 (Windows NT 5.1) AppleWebKit/537.36 (KHTML, like Gecko) Chrome/32.0.1700.102 Safari/537.36"
31.184.238.152 - - [24/Mar/2015:02:03:21 -0700] "GET /logs/access.log HTTP/1.1" 200 178582 "http://gravatar.com/sorcontrorostjackja" "Mozilla/5.0 (Windows NT 6.1) AppleWebKit/537.36 (KHTML, like Gecko) Chrome/32.0.1700.102 Safari/537.36"
141.101.31.80 - - [24/Mar/2015:02:03:23 -0700] "GET /logs/access_130930.log HTTP/1.1" 404 73 "http://blonde.aircus.com/" "Opera/9.80 (Windows NT 5.1; Edition Ukraine Local) Presto/2.12.388 Version/12.10"
141.101.31.80 - - [24/Mar/2015:02:03:23 -0700] "GET /logs/access_130930.log HTTP/1.1" 404 73 "http://blonde.aircus.com/" "Mozilla/5.0 (Windows NT 5.1; rv:8.0) Gecko/20100101 Firefox/8.0"
141.101.31.80 - - [24/Mar/2015:02:03:24 -0700] "GET /access_130930.log HTTP/1.1" 404 73 "http://blonde.aircus.com/" "Mozilla/5.0 (Windows NT 5.1; rv:8.0) Gecko/20100101 Firefox/8.0"
141.101.31.80 - - [24/Mar/2015:02:03:24 -0700] "GET /logs/access_130930.log HTTP/1.1" 404 73 "http://blonde.aircus.com/" "Opera/9.80 (Windows NT 6.1; U; ru) Presto/2.7.39 Version/11.00"
141.101.31.80 - - [24/Mar/2015:02:03:24 -0700] "GET /access_130930.log HTTP/1.1" 404 89 "http://blonde.aircus.com/" "Opera/9.80 (Windows NT 6.1; U; ru) Presto/2.7.39 Version/11.00"
141.101.31.80 - - [24/Mar/2015:02:03:25 -0700] "GET /logs/access_130930.log HTTP/1.1" 404 89 "http://blonde.aircus.com/" "Mozilla/5.0 (Windows NT 6.1) AppleWebKit/535.12 (KHTML, like Gecko) Maxthon/3.0 Chrome/18.0.966.0 Safari/535.12"
141.101.31.80 - - [24/Mar/2015:02:03:26 -0700] "GET /access_130930.log HTTP/1.1" 404 73 "http://blonde.aircus.com/" "Mozilla/5.0 (Windows NT 6.1) AppleWebKit/535.12 (KHTML, like Gecko) Maxthon/3.0 Chrome/18.0.966.0 Safari/535.12"
157.55.39.217 - - [24/Mar/2015:02:09:18 -0700] "GET /logs/access_140512.log HTTP/1.1" 404 88 "-" "Mozilla/5.0 (compatible; bingbot/2.0; +http://www.bing.com/bingbot.htm)"
142.54.184.181 - - [24/Mar/2015:02:10:43 -0700] "GET / HTTP/1.1" 200 1273 "-" "Mozilla/4.0 (compatible; MSIE 6.0; Windows NT 5.1)"
142.54.184.181 - - [24/Mar/2015:02:10:45 -0700] "GET / HTTP/1.1" 200 1273 "-" "Mozilla/4.0 (compatible; MSIE 6.0; Windows NT 5.1; SV1; Mozilla/4.0 (compatible; MSIE 6.0; Windows NT 5.1; SV1) ; .NET CLR 1.0.3705)"
31.184.238.152 - - [24/Mar/2015:02:11:36 -0700] "GET /logs/access.log HTTP/1.1" 200 180883 "http://strattera-10mg-buy-cheap.soup.io" "Mozilla/5.0 (Windows NT 6.1; WOW64) AppleWebKit/537.36 (KHTML, like Gecko) Chrome/30.0.1599.13014 YaBrowser/13.12.1599.13014 Safari/537.36"
31.184.238.152 - - [24/Mar/2015:02:12:15 -0700] "GET /logs/access.log HTTP/1.1" 200 181170 "http://gravatar.com/topkbulboburomes" "Mozilla/5.0 (Windows NT 6.1; WOW64) AppleWebKit/537.36 (KHTML, like Gecko) Chrome/32.0.1700.102 Safari/537.36"
31.44.93.25 - - [24/Mar/2015:02:16:44 -0700] "GET /logs/access.log HTTP/1.1" 200 37566 "https://www.google.ru/" "Mozilla/5.0 (Windows NT 6.3; WOW64) AppleWebKit/537.36 (KHTML, like Gecko) Chrome/41.0.2272.89 Safari/537.36"
157.55.39.237 - - [24/Mar/2015:02:18:56 -0700] "GET /paper2003/0306France.htm HTTP/1.1" 200 3979 "-" "Mozilla/5.0 (compatible; bingbot/2.0; +http://www.bing.com/bingbot.htm)"
31.184.238.152 - - [24/Mar/2015:02:20:46 -0700] "GET /logs/access.log HTTP/1.1" 200 181849 "http://lansoprazole-15mg-buy-online.snack.ws" "Mozilla/5.0 (Windows NT 6.1) AppleWebKit/537.36 (KHTML, like Gecko) Chrome/32.0.1700.76 Safari/537.36"
31.184.238.152 - - [24/Mar/2015:02:21:22 -0700] "GET /logs/access.log HTTP/1.1" 200 182104 "http://order-acetazolamide-no-rx.snack.ws" "Opera/9.80 (Windows NT 6.1; WOW64) Presto/2.12.388 Version/12.16"
31.184.238.152 - - [24/Mar/2015:02:29:32 -0700] "GET /logs/access.log HTTP/1.1" 200 182319 "http://eksustiva600mg.forumcircle.com" "Mozilla/5.0 (Windows NT 6.1) AppleWebKit/537.36 (KHTML, like Gecko) Chrome/30.0.1599.12785 YaBrowser/13.12.1599.12785 Safari/537.36"
31.184.238.152 - - [24/Mar/2015:02:30:09 -0700] "GET /logs/access.log HTTP/1.1" 200 182597 "http://orderbudesonideonlineie.over-blog.com" "Mozilla/5.0 (Windows NT 5.1) AppleWebKit/537.36 (KHTML, like Gecko) Chrome/33.0.1750.117 Safari/537.36"
101.251.211.237 - - [24/Mar/2015:02:30:21 -0700] "GET /logs/access.log HTTP/1.1" 200 37761 "http://redlug.com/" "Mozilla/5.0 (Macintosh; Intel Mac OS X 10_10_1) AppleWebKit/537.36 (KHTML, like Gecko) Chrome/39.0.2171.95 Safari/537.36"
141.101.31.80 - - [24/Mar/2015:02:31:16 -0700] "GET /logs/access_130930.log HTTP/1.1" 404 89 "http://blonde.aircus.com/" "Opera/9.80 (Windows NT 6.1; MRA 6.0 (build 5976)) Presto/2.12.388 Version/12.10"
141.101.31.80 - - [24/Mar/2015:02:31:31 -0700] "GET /logs/access_130930.log HTTP/1.1" 404 89 "http://blonde.aircus.com/" "Mozilla/5.0 (Windows NT 6.2; rv:16.0) Gecko/20100101 Firefox/16.0"
141.101.31.80 - - [24/Mar/2015:02:31:32 -0700] "GET /access_130930.log HTTP/1.1" 404 73 "http://blonde.aircus.com/" "Mozilla/5.0 (Windows NT 6.2; rv:16.0) Gecko/20100101 Firefox/16.0"
141.101.31.80 - - [24/Mar/2015:02:31:32 -0700] "GET /logs/access_130930.log HTTP/1.1" 404 73 "http://blonde.aircus.com/" "Mozilla/5.0 (Windows NT 5.1) AppleWebKit/535.2 (KHTML, like Gecko) Chrome/15.0.874.121 Safari/535.2"
141.101.31.80 - - [24/Mar/2015:02:31:33 -0700] "GET /access_130930.log HTTP/1.1" 404 73 "http://blonde.aircus.com/" "Mozilla/5.0 (Windows NT 5.1) AppleWebKit/535.2 (KHTML, like Gecko) Chrome/15.0.874.121 Safari/535.2"
141.101.31.80 - - [24/Mar/2015:02:31:33 -0700] "GET /logs/access_130930.log HTTP/1.1" 404 73 "http://blonde.aircus.com/" "Mozilla/5.0 (Windows NT 5.1; rv:7.0) Gecko/20100101 Firefox/7.0"
141.101.31.80 - - [24/Mar/2015:02:31:34 -0700] "GET /access_130930.log HTTP/1.1" 404 73 "http://blonde.aircus.com/" "Mozilla/5.0 (Windows NT 5.1; rv:7.0) Gecko/20100101 Firefox/7.0"
66.249.79.43 - - [24/Mar/2015:02:32:16 -0700] "GET /images/logos/backup.gif HTTP/1.1" 200 51 "-" "Googlebot-Image/1.0"
31.184.238.152 - - [24/Mar/2015:02:38:27 -0700] "GET /logs/access.log HTTP/1.1" 200 184710 "http://lamprene-50mg-buy-no-prescription.soup.io" "Opera/9.80 (Windows NT 6.1) Presto/2.12.388 Version/12.16"
31.184.238.152 - - [24/Mar/2015:02:39:07 -0700] "GET /logs/access.log HTTP/1.1" 200 184925 "http://yasmin-order.soup.io" "Mozilla/5.0 (Windows NT 6.1) AppleWebKit/537.36 (KHTML, like Gecko) Chrome/30.0.1599.12785 YaBrowser/13.12.1599.12785 Safari/537.36"
31.184.238.152 - - [24/Mar/2015:02:48:00 -0700] "GET /logs/access.log HTTP/1.1" 200 185193 "http://gravatar.com/freeftherfmemnakompai" "Mozilla/5.0 (Windows NT 6.1) AppleWebKit/537.36 (KHTML, like Gecko) Chrome/32.0.1700.102 Safari/537.36"
31.184.238.152 - - [24/Mar/2015:02:48:39 -0700] "GET /logs/access.log HTTP/1.1" 200 185446 "http://www.theknot.com/wedding/trandate-and-no" "Mozilla/5.0 (Windows NT 6.3; WOW64) AppleWebKit/537.36 (KHTML, like Gecko) Chrome/33.0.1750.146 Safari/537.36"
219.142.192.196 - - [24/Mar/2015:02:55:11 -0700] "GET /logs/access.log HTTP/1.1" 200 38039 "http://redlug.com/" "Mozilla/5.0 (Macintosh; Intel Mac OS X 10_10_1) AppleWebKit/537.36 (KHTML, like Gecko) Chrome/39.0.2171.95 Safari/537.36"
176.25.159.80 - - [24/Mar/2015:02:56:15 -0700] "GET /logs/access_140427.log HTTP/1.1" 404 88 "http://redlug.com/" "Mozilla/5.0 (Macintosh; Intel Mac OS X 10_10_1) AppleWebKit/537.36 (KHTML, like Gecko) Chrome/39.0.2171.95 Safari/537.36"
31.184.238.152 - - [24/Mar/2015:02:57:08 -0700] "GET /logs/access.log HTTP/1.1" 200 186209 "http://buygriseofulvin.snack.ws" "Mozilla/5.0 (Windows NT 6.1; WOW64) AppleWebKit/537.36 (KHTML, like Gecko) Chrome/31.0.1650.63 Safari/537.36 OPR/18.0.1284.68"
31.184.238.152 - - [24/Mar/2015:02:57:50 -0700] "GET /logs/access.log HTTP/1.1" 200 186475 "http://ordercetirizineonline.snack.ws" "Mozilla/5.0 (Windows NT 6.1; WOW64; rv:26.0) Gecko/20100101 Firefox/26.0"
141.101.31.80 - - [24/Mar/2015:02:58:55 -0700] "GET /logs/access_130930.log HTTP/1.1" 404 73 "http://pristiq.forumcircle.com/" "Opera/9.80 (Windows NT 5.1; Edition Yx) Presto/2.12.388 Version/12.10"
141.101.31.80 - - [24/Mar/2015:02:58:57 -0700] "GET /logs/access_130930.log HTTP/1.1" 404 89 "http://pristiq.forumcircle.com/" "Mozilla/5.0 (Windows NT 6.1) AppleWebKit/537.4 (KHTML, like Gecko) Chrome/22.0.1229.94 Safari/537.4"
141.101.31.80 - - [24/Mar/2015:02:58:57 -0700] "GET /access_130930.log HTTP/1.1" 404 89 "http://pristiq.forumcircle.com/" "Mozilla/5.0 (Windows NT 6.1) AppleWebKit/537.4 (KHTML, like Gecko) Chrome/22.0.1229.94 Safari/537.4"
141.101.31.80 - - [24/Mar/2015:02:58:58 -0700] "GET /logs/access_130930.log HTTP/1.1" 404 89 "http://pristiq.forumcircle.com/" "Mozilla/5.0 (Windows NT 6.1; WOW64) AppleWebKit/537.4 (KHTML, like Gecko) Chrome/22.0.1229.94 Safari/537.4"
141.101.31.80 - - [24/Mar/2015:02:58:58 -0700] "GET /access_130930.log HTTP/1.1" 404 89 "http://pristiq.forumcircle.com/" "Mozilla/5.0 (Windows NT 6.1; WOW64) AppleWebKit/537.4 (KHTML, like Gecko) Chrome/22.0.1229.94 Safari/537.4"
141.101.31.80 - - [24/Mar/2015:02:58:58 -0700] "GET /logs/access_130930.log HTTP/1.1" 404 73 "http://pristiq.forumcircle.com/" "Opera/9.80 (Windows NT 6.1; U; Edition Yx; ru) Presto/2.10.289 Version/12.02"
141.101.31.80 - - [24/Mar/2015:02:58:59 -0700] "GET /access_130930.log HTTP/1.1" 404 73 "http://pristiq.forumcircle.com/" "Opera/9.80 (Windows NT 6.1; U; Edition Yx; ru) Presto/2.10.289 Version/12.02"
203.106.214.137 - - [24/Mar/2015:03:01:10 -0700] "GET /logs/access.log HTTP/1.1" 200 38244 "http://redlug.com/" "Mozilla/5.0 (Macintosh; Intel Mac OS X 10_10_1) AppleWebKit/537.36 (KHTML, like Gecko) Chrome/39.0.2171.95 Safari/537.36"
46.147.146.177 - - [24/Mar/2015:03:01:40 -0700] "GET / HTTP/1.1" 200 9589 "http://msk4689.apishops.ru/" "Mozilla/4.0 (compatible; MSIE 5.5; Windows NT 5.0; .NET CLR 1.1.4322)"
46.147.146.177 - - [24/Mar/2015:03:01:40 -0700] "GET / HTTP/1.1" 200 9589 "http://msk4689.apishops.ru/" "Mozilla/4.0 (compatible; MSIE 5.5; Windows NT 5.0; .NET CLR 1.1.4322)"
46.147.146.177 - - [24/Mar/2015:03:01:41 -0700] "GET / HTTP/1.1" 200 9589 "http://msk4689.apishops.ru/" "Mozilla/4.0 (compatible; MSIE 6.0; Windows NT 5.2; SV1; .NET CLR 1.1.4322; .NET CLR 2.0.50727)"
46.147.146.177 - - [24/Mar/2015:03:01:42 -0700] "GET / HTTP/1.1" 200 9589 "http://msk4689.apishops.ru/" "Mozilla/4.0 (compatible; MSIE 6.0; Windows ME) Opera 7.11  [en]"
188.165.15.10 - - [24/Mar/2015:03:04:02 -0700] "GET /LabHist/LabHist/17yearold.htm HTTP/1.1" 404 88 "-" "Mozilla/5.0 (compatible; AhrefsBot/5.0; +http://ahrefs.com/robot/)"
31.184.238.152 - - [24/Mar/2015:03:06:28 -0700] "GET /logs/access.log HTTP/1.1" 200 189524 "http://buy-sucralfate-1000mg-online.soup.io" "Mozilla/5.0 (Windows NT 6.1) AppleWebKit/537.36 (KHTML, like Gecko) Chrome/33.0.1750.117 Safari/537.36"
157.55.39.237 - - [24/Mar/2015:03:07:02 -0700] "GET /Election/031108TB.htm HTTP/1.1" 200 1042 "-" "Mozilla/5.0 (compatible; bingbot/2.0; +http://www.bing.com/bingbot.htm)"
31.184.238.152 - - [24/Mar/2015:03:07:05 -0700] "GET /logs/access.log HTTP/1.1" 200 189964 "http://ordernaproxen250mg.forumcircle.com" "Mozilla/5.0 (Windows NT 6.1) AppleWebKit/537.36 (KHTML, like Gecko) Chrome/33.0.1750.146 Safari/537.36"
117.169.1.19 - - [24/Mar/2015:03:09:53 -0700] "GET /logs/access.log HTTP/1.1" 200 38454 "http://redlug.com/" "Mozilla/5.0 (Macintosh; Intel Mac OS X 10_10_1) AppleWebKit/537.36 (KHTML, like Gecko) Chrome/39.0.2171.95 Safari/537.36"
85.214.230.139 - - [24/Mar/2015:03:10:10 -0700] "GET /logs/access.log HTTP/1.1" 200 38286 "http://redlug.com/" "Mozilla/5.0 (Macintosh; Intel Mac OS X 10_10_1) AppleWebKit/537.36 (KHTML, like Gecko) Chrome/39.0.2171.95 Safari/537.36"
31.184.238.152 - - [24/Mar/2015:03:16:03 -0700] "GET /logs/access.log HTTP/1.1" 200 190709 "http://ordercetirizinecheap.snack.ws" "Mozilla/5.0 (Windows NT 6.0) AppleWebKit/537.36 (KHTML, like Gecko) Chrome/32.0.1700.107 Safari/537.36"
103.246.38.196 - - [24/Mar/2015:03:16:09 -0700] "GET /logs/access.log HTTP/1.1" 200 190957 "-" "Mozilla/4.0 (compatible; MSIE 7.0; Windows NT 5.1; InfoPath.1; .NET CLR 2.0.50727; .NET CLR 1.1.4322; MS-RTC LM 8; .NET CLR 3.0.4506.2152; .NET CLR 3.5.30729)"
170.252.160.1 - - [24/Mar/2015:03:16:10 -0700] "GET /logs/access.log HTTP/1.1" 200 38358 "https://www.google.co.in/" "Mozilla/5.0 (Windows NT 6.1; WOW64) AppleWebKit/537.36 (KHTML, like Gecko) Chrome/41.0.2272.101 Safari/537.36"
31.184.238.152 - - [24/Mar/2015:03:16:41 -0700] "GET /logs/access.log HTTP/1.1" 200 191468 "http://glucotrol-order.soup.io" "Mozilla/5.0 (Windows NT 6.0) AppleWebKit/537.36 (KHTML, like Gecko) Chrome/32.0.1700.107 Safari/537.36"
74.67.210.175 - - [24/Mar/2015:03:17:06 -0700] "GET /logs/access.log HTTP/1.1" 200 38600 "https://www.google.co.uk/" "Mozilla/5.0 (Windows NT 6.1; WOW64) AppleWebKit/537.36 (KHTML, like Gecko) Chrome/41.0.2272.101 Safari/537.36"
31.184.238.152 - - [24/Mar/2015:03:24:48 -0700] "GET /logs/access.log HTTP/1.1" 200 191952 "http://gravatar.com/chemburelanlinktea" "Mozilla/5.0 (Windows NT 5.1) AppleWebKit/537.36 (KHTML, like Gecko) Chrome/32.0.1700.76 Safari/537.36"
31.7.232.102 - - [24/Mar/2015:03:24:53 -0700] "GET /logs/access.log HTTP/1.1" 200 38479 "http://redlug.com/" "Mozilla/5.0 (Macintosh; Intel Mac OS X 10_10_1) AppleWebKit/537.36 (KHTML, like Gecko) Chrome/39.0.2171.95 Safari/537.36"
31.184.238.152 - - [24/Mar/2015:03:25:27 -0700] "GET /logs/access.log HTTP/1.1" 200 192446 "http://orderlinezolid600mgonline.snack.ws" "Mozilla/5.0 (Windows NT 6.2; WOW64) AppleWebKit/537.36 (KHTML, like Gecko) Chrome/32.0.1700.76 Safari/537.36"
141.101.31.80 - - [24/Mar/2015:03:26:38 -0700] "GET /logs/access_130930.log HTTP/1.1" 404 73 "http://pristiq.forumcircle.com/" "Opera/9.80 (Windows NT 6.1; WOW64; U; ru) Presto/2.10.289 Version/12.01"
141.101.31.80 - - [24/Mar/2015:03:26:38 -0700] "GET /logs/access_130930.log HTTP/1.1" 404 73 "http://pristiq.forumcircle.com/" "Opera/9.80 (Windows NT 6.1; WOW64; Edition Yx) Presto/2.12.388 Version/12.10"
141.101.31.80 - - [24/Mar/2015:03:26:38 -0700] "GET /access_130930.log HTTP/1.1" 404 73 "http://pristiq.forumcircle.com/" "Opera/9.80 (Windows NT 6.1; WOW64; Edition Yx) Presto/2.12.388 Version/12.10"
141.101.31.80 - - [24/Mar/2015:03:26:39 -0700] "GET /logs/access_130930.log HTTP/1.1" 404 73 "http://pristiq.forumcircle.com/" "Mozilla/5.0 (Windows NT 6.0; rv:17.0) Gecko/20100101 Firefox/17.0"
141.101.31.80 - - [24/Mar/2015:03:26:39 -0700] "GET /access_130930.log HTTP/1.1" 404 89 "http://pristiq.forumcircle.com/" "Mozilla/5.0 (Windows NT 6.0; rv:17.0) Gecko/20100101 Firefox/17.0"
141.101.31.80 - - [24/Mar/2015:03:26:39 -0700] "GET /logs/access_130930.log HTTP/1.1" 404 73 "http://pristiq.forumcircle.com/" "Mozilla/5.0 (Windows NT 6.1; WOW64; rv:9.0.1) Gecko/20100101 Firefox/9.0.1"
141.101.31.80 - - [24/Mar/2015:03:26:40 -0700] "GET /access_130930.log HTTP/1.1" 404 89 "http://pristiq.forumcircle.com/" "Mozilla/5.0 (Windows NT 6.1; WOW64; rv:9.0.1) Gecko/20100101 Firefox/9.0.1"
37.59.131.238 - - [24/Mar/2015:03:26:49 -0700] "GET /LabHist/ContentsList.htm HTTP/1.1" 200 12093 "http://redlug.com/" "Mozilla/5.0 (Macintosh; Intel Mac OS X 10_10_1) AppleWebKit/537.36 (KHTML, like Gecko) Chrome/39.0.2171.95 Safari/537.36"
31.184.238.152 - - [24/Mar/2015:03:33:28 -0700] "GET /logs/access.log HTTP/1.1" 200 194447 "http://order-ethionamide-250mg-without-rx.snack.ws" "Opera/9.80 (Windows NT 6.1; WOW64) Presto/2.12.388 Version/12.15"
31.184.238.152 - - [24/Mar/2015:03:34:05 -0700] "GET /logs/access.log HTTP/1.1" 200 194671 "http://gravatar.com/agridelnapande" "Mozilla/5.0 (Windows NT 6.3; WOW64) AppleWebKit/537.36 (KHTML, like Gecko) Chrome/32.0.1700.107 Safari/537.36"
84.203.78.80 - - [24/Mar/2015:03:37:17 -0700] "GET /socview/0306SCW.htm HTTP/1.1" 200 5294 "http://www.google.ie/url?sa=t&source=web&cd=10&ved=0CDsQFjAJ&url=http%3A%2F%2Fredlug.com%2Fsocview%2F0306SCW.htm&rct=j&q=the%20blue%20shirts%20in%20spain&ei=vD0RVbjQNM3e7AbqpoDoCw&usg=AFQjCNGa47mJ-C5rv-LJa84XqMF0199ErA" "Mozilla/5.0 (Linux; U; Android 4.4.2; en-gb; HTC_Desire_610 Build/KOT49H) AppleWebKit/534.30 (KHTML, like Gecko) Version/4.0 Mobile Safari/534.30"
84.203.78.80 - - [24/Mar/2015:03:37:17 -0700] "GET /cwi.css HTTP/1.1" 404 73 "http://redlug.com/socview/0306SCW.htm" "Mozilla/5.0 (Linux; U; Android 4.4.2; en-gb; HTC_Desire_610 Build/KOT49H) AppleWebKit/534.30 (KHTML, like Gecko) Version/4.0 Mobile Safari/534.30"
217.12.206.140 - - [24/Mar/2015:03:38:29 -0700] "GET / HTTP/1.1" 200 1273 "http://redlug.com/" "Mozilla/4.0 (compatible; MSIE 6.0; Windows NT 5.1; SV1)"
